Buscando títulos para CPF: 04439355218

Resultado por CPF:
{
  "paginacao": {
    "offset": 0,
    "limit": 250,
    "parcial": 24,
    "total": 24
  },
  "titulos": [
    {
      "id": 157610,
      "clienteNome": "SUANE DA CONCEICAO SILVA",
      "clienteCpfcnpj": "04439355218",
      "clienteContrato": 2547,
      "portador": "Efi A.S NET",
      "numeroDocumento": 91212,
      "nossoNumero": "",
      "link": "https://asnet.sgplocal.com.br/boleto/91212-M2F7S04DQ7/",
      "link_cobranca": "https://asnet.sgplocal.com.br/public/cobranca/91212-M2F7S04DQ7/",
      "status": "aberto",
      "valor": 100.0,
      "valorDesconto": 0.0,
      "valorCorrigido": 100.0,
      "valorPago": 0,
      "valorPagoParcial": 0,
      "codigoBarras": "36493000000000100000000500041201100000040470",
      "linhaDigitavel": "36490.00050 00041.201104 00000.404707 3 00000000010000",
      "codigoPix": "00020101021226940014BR.GOV.BCB.PIX2572qrcodespix.sejaefi.com.br/bolix/v2/cobv/ab76d612c56b4be5a96dfb30306936665204000053039865802BR5905EFISA6008SAOPAULO62070503***6304C5CB",
      "dataEmissao": "2026-02-13",
      "dataVencimento": "2026-03-10",
      "dataPagamento": "",
      "dataCancelamento": "",
      "demonstrativo": "Plano_700MB",
      "acordoPagamento": {
        "acordados": [],
        "cobrados": []
      }
    },
    {
      "id": 155663,
      "clienteNome": "SUANE DA CONCEICAO SILVA",
      "clienteCpfcnpj": "04439355218",
      "clienteContrato": 2547,
      "portador": "Efi A.S NET",
      "numeroDocumento": 89265,
      "nossoNumero": "",
      "link": "https://asnet.sgplocal.com.br/boleto/89265-3FFDA6L94Z/",
      "link_cobranca": "https://asnet.sgplocal.com.br/public/cobranca/89265-3FFDA6L94Z/",
      "status": "pago",
      "valor": 100.0,
      "valorDesconto": 0.0,
      "valorCorrigido": 100.0,
      "valorPago": 103.26,
      "valorPagoParcial": 0,
      "codigoBarras": "36491000000000100000000100041201100000038804",
      "linhaDigitavel": "36490.00019 00041.201104 00000.388041 1 00000000010000",
      "codigoPix": "00020101021226940014BR.GOV.BCB.PIX2572qrcodespix.sejaefi.com.br/bolix/v2/cobv/edb655bac9404c8582f45d932d42b0805204000053039865802BR5905EFISA6008SAOPAULO62070503***6304C65F",
      "dataEmissao": "2026-01-16",
      "dataVencimento": "2026-02-10",
      "dataPagamento": "2026-02-18",
      "dataCancelamento": "",
      "demonstrativo": "Plano_700MB",
      "acordoPagamento": {
        "acordados": [],
        "cobrados": []
      }
    },
    {
      "id": 153530,
      "clienteNome": "SUANE DA CONCEICAO SILVA",
      "clienteCpfcnpj": "04439355218",
      "clienteContrato": 2547,
      "portador": "Efi A.S NET",
      "numeroDocumento": 87132,
      "nossoNumero": "",
      "link": "https://asnet.sgplocal.com.br/boleto/87132-V2CKW1VRUH/",
      "link_cobranca": "https://asnet.sgplocal.com.br/public/cobranca/87132-V2CKW1VRUH/",
      "status": "pago",
      "valor": 100.0,
      "valorDesconto": 0.0,
      "valorCorrigido": 100.0,
      "valorPago": 103.13,
      "valorPagoParcial": 0,
      "codigoBarras": "36492000000000100000000300041201100000036923",
      "linhaDigitavel": "36490.00035 00041.201104 00000.369231 2 00000000010000",
      "codigoPix": "00020101021226940014BR.GOV.BCB.PIX2572qrcodespix.sejaefi.com.br/bolix/v2/cobv/4e2191ce354c4051b595c7a61e5d2d5b5204000053039865802BR5905EFISA6008SAOPAULO62070503***6304CE89",
      "dataEmissao": "2025-12-16",
      "dataVencimento": "2026-01-10",
      "dataPagamento": "2026-01-16",
      "dataCancelamento": "",
      "demonstrativo": "Plano_700MB",
      "acordoPagamento": {
        "acordados": [],
        "cobrados": []
      }
    },
    {
      "id": 151659,
      "clienteNome": "SUANE DA CONCEICAO SILVA",
      "clienteCpfcnpj": "04439355218",
      "clienteContrato": 2547,
      "portador": "Efi A.S NET",
      "numeroDocumento": 85261,
      "nossoNumero": "",
      "link": "https://asnet.sgplocal.com.br/boleto/85261-XL4Y1EAAPO/",
      "link_cobranca": "https://asnet.sgplocal.com.br/public/cobranca/85261-XL4Y1EAAPO/",
      "status": "pago",
      "valor": 100.0,
      "valorDesconto": 0.0,
      "valorCorrigido": 100.0,
      "valorPago": 103.19,
      "valorPagoParcial": 0,
      "codigoBarras": "36494000000000100000000700041201100000035204",
      "linhaDigitavel": "36490.00076 00041.201104 00000.352047 4 00000000010000",
      "codigoPix": "00020101021226940014BR.GOV.BCB.PIX2572qrcodespix.sejaefi.com.br/bolix/v2/cobv/c309e432dba64328ba1b260eb16c55735204000053039865802BR5905EFISA6008SAOPAULO62070503***63040C02",
      "dataEmissao": "2025-11-20",
      "dataVencimento": "2025-12-10",
      "dataPagamento": "2025-12-16",
      "dataCancelamento": "",
      "demonstrativo": "Plano_700MB",
      "acordoPagamento": {
        "acordados": [],
        "cobrados": []
      }
    },
    {
      "id": 149864,
      "clienteNome": "SUANE DA CONCEICAO SILVA",
      "clienteCpfcnpj": "04439355218",
      "clienteContrato": 2547,
      "portador": "Efi A.S NET",
      "numeroDocumento": 83466,
      "nossoNumero": "",
      "link": "https://asnet.sgplocal.com.br/boleto/83466-906WXO8ZKV/",
      "link_cobranca": "https://asnet.sgplocal.com.br/public/cobranca/83466-906WXO8ZKV/",
      "status": "pago",
      "valor": 100.0,
      "valorDesconto": 0.0,
      "valorCorrigido": 100.0,
      "valorPago": 103.26,
      "valorPagoParcial": 0,
      "codigoBarras": "36495000000000100000000900041201100000033533",
      "linhaDigitavel": "36490.00092 00041.201104 00000.335331 5 00000000010000",
      "codigoPix": "00020101021226940014BR.GOV.BCB.PIX2572qrcodespix.sejaefi.com.br/bolix/v2/cobv/aa94460d599e438baf15e0f0b537229c5204000053039865802BR5905EFISA6008SAOPAULO62070503***630435B9",
      "dataEmissao": "2025-10-21",
      "dataVencimento": "2025-11-10",
      "dataPagamento": "2025-11-18",
      "dataCancelamento": "",
      "demonstrativo": "Plano_700MB",
      "acordoPagamento": {
        "acordados": [],
        "cobrados": []
      }
    },
    {
      "id": 148045,
      "clienteNome": "SUANE DA CONCEICAO SILVA",
      "clienteCpfcnpj": "04439355218",
      "clienteContrato": 2547,
      "portador": "Efi A.S NET",
      "numeroDocumento": 81647,
      "nossoNumero": "",
      "link": "https://asnet.sgplocal.com.br/boleto/81647-ZRVW53GQQ5/",
      "link_cobranca": "https://asnet.sgplocal.com.br/public/cobranca/81647-ZRVW53GQQ5/",
      "status": "pago",
      "valor": 100.0,
      "valorDesconto": 0.0,
      "valorCorrigido": 103.2,
      "valorPago": 100.0,
      "valorPagoParcial": 0,
      "codigoBarras": "36491000000000100000000100041201100000031921",
      "linhaDigitavel": "36490.00019 00041.201104 00000.319210 1 00000000010000",
      "codigoPix": "00020101021226940014BR.GOV.BCB.PIX2572qrcodespix.sejaefi.com.br/bolix/v2/cobv/2f48811027a74d08bed7713020ed71335204000053039865802BR5905EFISA6008SAOPAULO62070503***630404DD",
      "dataEmissao": "2025-09-20",
      "dataVencimento": "2025-10-10",
      "dataPagamento": "2025-10-16",
      "dataCancelamento": "",
      "demonstrativo": "Plano_700MB",
      "acordoPagamento": {
        "acordados": [],
        "cobrados": []
      }
    },
    {
      "id": 146364,
      "clienteNome": "SUANE DA CONCEICAO SILVA",
      "clienteCpfcnpj": "04439355218",
      "clienteContrato": 2547,
      "portador": "Efi A.S NET",
      "numeroDocumento": 79966,
      "nossoNumero": "",
      "link": "https://asnet.sgplocal.com.br/boleto/79966-1FBJUD16PK/",
      "link_cobranca": "https://asnet.sgplocal.com.br/public/cobranca/79966-1FBJUD16PK/",
      "status": "pago",
      "valor": 100.0,
      "valorDesconto": 0.0,
      "valorCorrigido": 100.0,
      "valorPago": 103.19,
      "valorPagoParcial": 0,
      "codigoBarras": "36498000000000100000000400041201100000030420",
      "linhaDigitavel": "36490.00043 00041.201104 00000.304204 8 00000000010000",
      "codigoPix": "00020101021226940014BR.GOV.BCB.PIX2572qrcodespix.sejaefi.com.br/bolix/v2/cobv/c473f89625014704863fdd91185623495204000053039865802BR5905EFISA6008SAOPAULO62070503***630470AF",
      "dataEmissao": "2025-08-23",
      "dataVencimento": "2025-09-10",
      "dataPagamento": "2025-09-16",
      "dataCancelamento": "",
      "demonstrativo": "Plano_700MB",
      "acordoPagamento": {
        "acordados": [],
        "cobrados": []
      }
    },
    {
      "id": 144451,
      "clienteNome": "SUANE DA CONCEICAO SILVA",
      "clienteCpfcnpj": "04439355218",
      "clienteContrato": 2547,
      "portador": "Sicredi",
      "numeroDocumento": 78053,
      "nossoNumero": "252104976",
      "link": "https://asnet.sgplocal.com.br/boleto/78053-QFTM80A4XA/",
      "link_cobranca": "https://asnet.sgplocal.com.br/public/cobranca/78053-QFTM80A4XA/",
      "status": "pago",
      "valor": 100.0,
      "valorDesconto": 0.0,
      "valorCorrigido": 103.36,
      "valorPago": 103.36,
      "valorPagoParcial": 0,
      "codigoBarras": "74895116900000100001125210497608043212318100",
      "linhaDigitavel": "74891.12529 10497.608041 32123.181003 4 11690000010336",
      "codigoPix": "00020126910014br.gov.bcb.pix2569pix-qrcode.sicredi.com.br/qr/v2/cobv/5e830288690e40f8b2d5dc532480fe865204000053039865802BR5903PIX6006Cidade62070503***630420A5",
      "dataEmissao": "2025-07-21",
      "dataVencimento": "2025-08-10",
      "dataPagamento": "2025-08-22",
      "dataCancelamento": "",
      "demonstrativo": "Plano_700MB",
      "acordoPagamento": {
        "acordados": [],
        "cobrados": []
      }
    },
    {
      "id": 142817,
      "clienteNome": "SUANE DA CONCEICAO SILVA",
      "clienteCpfcnpj": "04439355218",
      "clienteContrato": 2547,
      "portador": "Sicredi",
      "numeroDocumento": 76421,
      "nossoNumero": "252094172",
      "link": "https://asnet.sgplocal.com.br/boleto/76421-AFTXBGF3FN/",
      "link_cobranca": "https://asnet.sgplocal.com.br/public/cobranca/76421-AFTXBGF3FN/",
      "status": "pago",
      "valor": 100.0,
      "valorDesconto": 0.0,
      "valorCorrigido": 100.0,
      "valorPago": 102.18,
      "valorPagoParcial": 0,
      "codigoBarras": "74891113800000100001125209417208043212318100",
      "linhaDigitavel": "74891.12529 09417.208049 32123.181003 1 11380000010000",
      "codigoPix": "00020126910014br.gov.bcb.pix2569pix-qrcode.sicredi.com.br/qr/v2/cobv/4508f8b575024486ab7e9cfe5211c41b5204000053039865802BR5903PIX6006Cidade62070503***6304DF9A",
      "dataEmissao": "2025-06-20",
      "dataVencimento": "2025-07-10",
      "dataPagamento": "2025-07-16",
      "dataCancelamento": "",
      "demonstrativo": "2547, 700_MEGA,100.00.",
      "acordoPagamento": {
        "acordados": [],
        "cobrados": []
      }
    },
    {
      "id": 141016,
      "clienteNome": "SUANE DA CONCEICAO SILVA",
      "clienteCpfcnpj": "04439355218",
      "clienteContrato": 2547,
      "portador": "Sicredi",
      "numeroDocumento": 74621,
      "nossoNumero": "252083561",
      "link": "https://asnet.sgplocal.com.br/boleto/74621-5ES7RCTQYG/",
      "link_cobranca": "https://asnet.sgplocal.com.br/public/cobranca/74621-5ES7RCTQYG/",
      "status": "pago",
      "valor": 100.0,
      "valorDesconto": 0.0,
      "valorCorrigido": 100.0,
      "valorPago": 102.12,
      "valorPagoParcial": 0,
      "codigoBarras": "74891110800000100001125208356108043212318106",
      "linhaDigitavel": "74891.12529 08356.108046 32123.181060 1 11080000010000",
      "codigoPix": "00020126910014br.gov.bcb.pix2569pix-qrcode.sicredi.com.br/qr/v2/cobv/ddeae936df74400a81180942dc9dbbc55204000053039865802BR5903PIX6006Cidade62070503***63043E50",
      "dataEmissao": "2025-05-21",
      "dataVencimento": "2025-06-10",
      "dataPagamento": "2025-06-14",
      "dataCancelamento": "",
      "demonstrativo": "2547, 700_MEGA e 100.00.",
      "acordoPagamento": {
        "acordados": [],
        "cobrados": []
      }
    },
    {
      "id": 36940,
      "clienteNome": "SUANE DA CONCEICAO SILVA",
      "clienteCpfcnpj": "04439355218",
      "clienteContrato": 2547,
      "portador": "Sicredi",
      "numeroDocumento": 72935,
      "nossoNumero": "252073736",
      "link": "https://asnet.sgplocal.com.br/boleto/72935-93YN1DWY28/",
      "link_cobranca": "https://asnet.sgplocal.com.br/public/cobranca/72935-93YN1DWY28/",
      "status": "pago",
      "valor": 100.0,
      "valorDesconto": 0.0,
      "valorCorrigido": 100.0,
      "valorPago": 102.18,
      "valorPagoParcial": 0,
      "codigoBarras": "74891107700000100001125207373608043212318102",
      "linhaDigitavel": "74891.12529 07373.608046 32123.181029 1 10770000010000",
      "codigoPix": "00020126910014br.gov.bcb.pix2569pix-qrcode.sicredi.com.br/qr/v2/cobv/cc1dc71fc02e41e19dc40fabd64a18a15204000053039865802BR5903PIX6006Cidade62070503***63041F0E",
      "dataEmissao": "2025-04-20",
      "dataVencimento": "2025-05-10",
      "dataPagamento": "2025-05-16",
      "dataCancelamento": "",
      "demonstrativo": "2547, 700_MEGA e 100.00.",
      "acordoPagamento": {
        "acordados": [],
        "cobrados": []
      }
    },
    {
      "id": 34885,
      "clienteNome": "SUANE DA CONCEICAO SILVA",
      "clienteCpfcnpj": "04439355218",
      "clienteContrato": 2547,
      "portador": "Sicredi",
      "numeroDocumento": 70886,
      "nossoNumero": "252063447",
      "link": "https://asnet.sgplocal.com.br/boleto/70886-T6TGL2XZ43/",
      "link_cobranca": "https://asnet.sgplocal.com.br/public/cobranca/70886-T6TGL2XZ43/",
      "status": "pago",
      "valor": 100.0,
      "valorDesconto": 0.0,
      "valorCorrigido": 100.0,
      "valorPago": 102.18,
      "valorPagoParcial": 0,
      "codigoBarras": "74892104700000100001125206344708043212318106",
      "linhaDigitavel": "74891.12529 06344.708042 32123.181060 2 10470000010000",
      "codigoPix": "00020126910014br.gov.bcb.pix2569pix-qrcode.sicredi.com.br/qr/v2/cobv/4748f83a65ba479b8e688149d1ead9ad5204000053039865802BR5903PIX6006Cidade62070503***6304F56B",
      "dataEmissao": "2025-03-13",
      "dataVencimento": "2025-04-10",
      "dataPagamento": "2025-04-16",
      "dataCancelamento": "",
      "demonstrativo": "600_MEGA",
      "acordoPagamento": {
        "acordados": [],
        "cobrados": []
      }
    },
    {
      "id": 33292,
      "clienteNome": "SUANE DA CONCEICAO SILVA",
      "clienteCpfcnpj": "04439355218",
      "clienteContrato": 2547,
      "portador": "Sicredi",
      "numeroDocumento": 69294,
      "nossoNumero": "252050353",
      "link": "https://asnet.sgplocal.com.br/boleto/69294-RKV44E12SB/",
      "link_cobranca": "https://asnet.sgplocal.com.br/public/cobranca/69294-RKV44E12SB/",
      "status": "pago",
      "valor": 100.0,
      "valorDesconto": 0.0,
      "valorCorrigido": 100.0,
      "valorPago": 102.3,
      "valorPagoParcial": 0,
      "codigoBarras": "74899101600000100001125205035308043212318100",
      "linhaDigitavel": "74891.12529 05035.308047 32123.181003 9 10160000010000",
      "codigoPix": "00020126910014br.gov.bcb.pix2569pix-qrcode.sicredi.com.br/qr/v2/cobv/dae4654534784be7819a7662025c33485204000053039865802BR5903PIX6006Cidade62070503***630454CA",
      "dataEmissao": "2025-02-18",
      "dataVencimento": "2025-03-10",
      "dataPagamento": "2025-03-20",
      "dataCancelamento": "",
      "demonstrativo": "600_MEGA",
      "acordoPagamento": {
        "acordados": [],
        "cobrados": []
      }
    },
    {
      "id": 30646,
      "clienteNome": "SUANE DA CONCEICAO SILVA",
      "clienteCpfcnpj": "04439355218",
      "clienteContrato": 2547,
      "portador": "Sicredi",
      "numeroDocumento": 66649,
      "nossoNumero": "252040480",
      "link": "https://asnet.sgplocal.com.br/boleto/66649-7TB462IRYC/",
      "link_cobranca": "https://asnet.sgplocal.com.br/public/cobranca/66649-7TB462IRYC/",
      "status": "pago",
      "valor": 100.0,
      "valorDesconto": 0.0,
      "valorCorrigido": 100.0,
      "valorPago": 102.21,
      "valorPagoParcial": 0,
      "codigoBarras": "74891998800000100001125204048008043212318102",
      "linhaDigitavel": "74891.12529 04048.008041 32123.181029 1 99880000010000",
      "codigoPix": "00020126910014br.gov.bcb.pix2569pix-qrcode.sicredi.com.br/qr/v2/cobv/35741c19bd354c78bd28e376394a2ff45204000053039865802BR5903PIX6006Cidade62070503***63045083",
      "dataEmissao": "2025-01-21",
      "dataVencimento": "2025-02-10",
      "dataPagamento": "2025-02-17",
      "dataCancelamento": "",
      "demonstrativo": "600_MEGA",
      "acordoPagamento": {
        "acordados": [],
        "cobrados": []
      }
    },
    {
      "id": 29053,
      "clienteNome": "SUANE DA CONCEICAO SILVA",
      "clienteCpfcnpj": "04439355218",
      "clienteContrato": 2547,
      "portador": "Sicredi",
      "numeroDocumento": 65088,
      "nossoNumero": "242030813",
      "link": "https://asnet.sgplocal.com.br/boleto/65088-MDFRKL5DAL/",
      "link_cobranca": "https://asnet.sgplocal.com.br/public/cobranca/65088-MDFRKL5DAL/",
      "status": "pago",
      "valor": 100.0,
      "valorDesconto": 0.0,
      "valorCorrigido": 100.0,
      "valorPago": 102.15,
      "valorPagoParcial": 0,
      "codigoBarras": "74894995700000100001124203081308043212318100",
      "linhaDigitavel": "74891.12420 03081.308045 32123.181003 4 99570000010000",
      "codigoPix": "00020126910014br.gov.bcb.pix2569pix-qrcode.sicredi.com.br/qr/v2/cobv/45d0a6c771cf47e598412ca976f4ebbf5204000053039865802BR5903PIX6006Cidade62070503***63047242",
      "dataEmissao": "2024-12-21",
      "dataVencimento": "2025-01-10",
      "dataPagamento": "2025-01-15",
      "dataCancelamento": "",
      "demonstrativo": "Referente ao Acesso a Internet via Fibra de 11/12/2024 a 10/01/2025",
      "acordoPagamento": {
        "acordados": [],
        "cobrados": []
      }
    },
    {
      "id": 26535,
      "clienteNome": "SUANE DA CONCEICAO SILVA",
      "clienteCpfcnpj": "04439355218",
      "clienteContrato": 2547,
      "portador": "Sicredi",
      "numeroDocumento": 62570,
      "nossoNumero": "242018562",
      "link": "https://asnet.sgplocal.com.br/boleto/62570-4KRU4GD4K1/",
      "link_cobranca": "https://asnet.sgplocal.com.br/public/cobranca/62570-4KRU4GD4K1/",
      "status": "pago",
      "valor": 100.0,
      "valorDesconto": 0.0,
      "valorCorrigido": 100.0,
      "valorPago": 102.18,
      "valorPagoParcial": 0,
      "codigoBarras": "74893992600000100001124201856208043212318105",
      "linhaDigitavel": "74891.12420 01856.208044 32123.181052 3 99260000010000",
      "codigoPix": "00020126910014br.gov.bcb.pix2569pix-qrcode.sicredi.com.br/qr/v2/cobv/0023f5bb7d064a25a7c69a23a86ad9f55204000053039865802BR5903PIX6006Cidade62070503***630421C7",
      "dataEmissao": "2024-10-26",
      "dataVencimento": "2024-12-10",
      "dataPagamento": "2024-12-16",
      "dataCancelamento": "",
      "demonstrativo": "Referente ao Acesso a Internet via Fibra de 10/11/2024 a 10/12/2024",
      "acordoPagamento": {
        "acordados": [],
        "cobrados": []
      }
    },
    {
      "id": 25550,
      "clienteNome": "SUANE DA CONCEICAO SILVA",
      "clienteCpfcnpj": "04439355218",
      "clienteContrato": 2547,
      "portador": "Sicredi",
      "numeroDocumento": 61585,
      "nossoNumero": "242011886",
      "link": "https://asnet.sgplocal.com.br/boleto/61585-FEOM5GUIG0/",
      "link_cobranca": "https://asnet.sgplocal.com.br/public/cobranca/61585-FEOM5GUIG0/",
      "status": "pago",
      "valor": 100.0,
      "valorDesconto": 0.0,
      "valorCorrigido": 100.0,
      "valorPago": 102.24,
      "valorPagoParcial": 0,
      "codigoBarras": "74893989600000100001124201188608043212318103",
      "linhaDigitavel": "74891.12420 01188.608044 32123.181037 3 98960000010000",
      "codigoPix": "00020126910014br.gov.bcb.pix2569pix-qrcode.sicredi.com.br/qr/v2/cobv/37e343075322423aa5708f356e555b175204000053039865802BR5903PIX6006Cidade62070503***6304FEB8",
      "dataEmissao": "2024-10-11",
      "dataVencimento": "2024-11-10",
      "dataPagamento": "2024-11-18",
      "dataCancelamento": "",
      "demonstrativo": "Referente ao Acesso a Internet via Fibra de 11/10/2024 a 10/11/2024",
      "acordoPagamento": {
        "acordados": [],
        "cobrados": []
      }
    },
    {
      "id": 24062,
      "clienteNome": "SUANE DA CONCEICAO SILVA",
      "clienteCpfcnpj": "04439355218",
      "clienteContrato": 2547,
      "portador": "Sicredi",
      "numeroDocumento": 60097,
      "nossoNumero": "242005584",
      "link": "https://asnet.sgplocal.com.br/boleto/60097-FHC75JLXEK/",
      "link_cobranca": "https://asnet.sgplocal.com.br/public/cobranca/60097-FHC75JLXEK/",
      "status": "pago",
      "valor": 100.0,
      "valorDesconto": 0.0,
      "valorCorrigido": 100.0,
      "valorPago": 102.12,
      "valorPagoParcial": 0,
      "codigoBarras": "74891986500000100001124200558408043212318106",
      "linhaDigitavel": "74891.12420 00558.408043 32123.181060 1 98650000010000",
      "codigoPix": "00020126910014br.gov.bcb.pix2569pix-qrcode.sicredi.com.br/qr/v2/cobv/87c9bfa76a4d4011bd27510c8b4be5145204000053039865802BR5903PIX6006Cidade62070503***6304751D",
      "dataEmissao": "2024-09-10",
      "dataVencimento": "2024-10-10",
      "dataPagamento": "2024-10-16",
      "dataCancelamento": "",
      "demonstrativo": "Referente ao Acesso a Internet via Fibra de 10/09/2024 a 10/10/2024",
      "acordoPagamento": {
        "acordados": [],
        "cobrados": []
      }
    },
    {
      "id": 22297,
      "clienteNome": "SUANE DA CONCEICAO SILVA",
      "clienteCpfcnpj": "04439355218",
      "clienteContrato": 2547,
      "portador": "Efi A.S NET",
      "numeroDocumento": 58332,
      "nossoNumero": "",
      "link": "https://asnet.sgplocal.com.br/boleto/58332-IVNFRTUK0D/",
      "link_cobranca": "https://asnet.sgplocal.com.br/public/cobranca/58332-IVNFRTUK0D/",
      "status": "pago",
      "valor": 100.0,
      "valorDesconto": 0.0,
      "valorCorrigido": 100.0,
      "valorPago": 100.0,
      "valorPagoParcial": 0,
      "codigoBarras": "36491000000000100000000100041201100000024958",
      "linhaDigitavel": "36490.00019 00041.201104 00000.249581 1 00000000010000",
      "codigoPix": "00020101021226940014BR.GOV.BCB.PIX2572qrcodespix.sejaefi.com.br/bolix/v2/cobv/a029008085024df6953d6392efa0de0e5204000053039865802BR5905EFISA6008SAOPAULO62070503***63048C98",
      "dataEmissao": "2024-07-27",
      "dataVencimento": "2024-09-10",
      "dataPagamento": "2024-09-10",
      "dataCancelamento": "",
      "demonstrativo": "Referente ao Acesso a Internet via Fibra de 11/08/2024 a 10/09/2024",
      "acordoPagamento": {
        "acordados": [],
        "cobrados": []
      }
    },
    {
      "id": 20865,
      "clienteNome": "SUANE DA CONCEICAO SILVA",
      "clienteCpfcnpj": "04439355218",
      "clienteContrato": 2547,
      "portador": "Efi A.S NET",
      "numeroDocumento": 56900,
      "nossoNumero": "",
      "link": "https://asnet.sgplocal.com.br/boleto/56900-FJ9C4TW2LS/",
      "link_cobranca": "https://asnet.sgplocal.com.br/public/cobranca/56900-FJ9C4TW2LS/",
      "status": "pago",
      "valor": 100.0,
      "valorDesconto": 0.0,
      "valorCorrigido": 100.0,
      "valorPago": 102.09,
      "valorPagoParcial": 0,
      "codigoBarras": "36491000000000100000000100041201100000023544",
      "linhaDigitavel": "36490.00019 00041.201104 00000.235440 1 00000000010000",
      "codigoPix": "00020101021226940014BR.GOV.BCB.PIX2572qrcodespix.sejaefi.com.br/bolix/v2/cobv/2c8754e7b0de48c19c69c66fb63b24415204000053039865802BR5905EFISA6008SAOPAULO62070503***6304399E",
      "dataEmissao": "2024-06-26",
      "dataVencimento": "2024-08-10",
      "dataPagamento": "2024-08-15",
      "dataCancelamento": "",
      "demonstrativo": "Referente ao Acesso a Internet via Fibra de 11/07/2024 a 10/08/2024",
      "acordoPagamento": {
        "acordados": [],
        "cobrados": []
      }
    },
    {
      "id": 19311,
      "clienteNome": "SUANE DA CONCEICAO SILVA",
      "clienteCpfcnpj": "04439355218",
      "clienteContrato": 2547,
      "portador": "GERENCIANET 412011-6 - Importados",
      "numeroDocumento": 55273,
      "nossoNumero": "",
      "link": "https://asnet.sgplocal.com.br/boleto/55273-XJFJTAP4PM/",
      "link_cobranca": "https://asnet.sgplocal.com.br/public/cobranca/55273-XJFJTAP4PM/",
      "status": "pago",
      "valor": 100.0,
      "valorDesconto": 0.0,
      "valorCorrigido": 100.0,
      "valorPago": 100.0,
      "valorPagoParcial": 0,
      "codigoBarras": "99996977300000100000000060000005527300000000",
      "linhaDigitavel": "36490.00019 00041.201104 00000.218560 1 00000000010000",
      "codigoPix": "",
      "dataEmissao": "2024-05-11",
      "dataVencimento": "2024-07-10",
      "dataPagamento": "2024-07-09",
      "dataCancelamento": "",
      "demonstrativo": "",
      "acordoPagamento": {
        "acordados": [],
        "cobrados": []
      }
    },
    {
      "id": 18135,
      "clienteNome": "SUANE DA CONCEICAO SILVA",
      "clienteCpfcnpj": "04439355218",
      "clienteContrato": 2547,
      "portador": "GERENCIANET 412011-6 - Importados",
      "numeroDocumento": 54021,
      "nossoNumero": "",
      "link": "https://asnet.sgplocal.com.br/boleto/54021-HCS9L6CJYU/",
      "link_cobranca": "https://asnet.sgplocal.com.br/public/cobranca/54021-HCS9L6CJYU/",
      "status": "pago",
      "valor": 100.0,
      "valorDesconto": 0.0,
      "valorCorrigido": 100.0,
      "valorPago": 102.0,
      "valorPagoParcial": 0,
      "codigoBarras": "99991974300000100000000060000005402100000000",
      "linhaDigitavel": "36490.00019 00041.201104 00000.205591 1 00000000010000",
      "codigoPix": "",
      "dataEmissao": "2024-04-10",
      "dataVencimento": "2024-06-10",
      "dataPagamento": "2024-06-11",
      "dataCancelamento": "",
      "demonstrativo": "",
      "acordoPagamento": {
        "acordados": [],
        "cobrados": []
      }
    },
    {
      "id": 17040,
      "clienteNome": "SUANE DA CONCEICAO SILVA",
      "clienteCpfcnpj": "04439355218",
      "clienteContrato": 2547,
      "portador": "GERENCIANET 412011-6 - Importados",
      "numeroDocumento": 52869,
      "nossoNumero": "",
      "link": "https://asnet.sgplocal.com.br/boleto/52869-21LDIWGKYW/",
      "link_cobranca": "https://asnet.sgplocal.com.br/public/cobranca/52869-21LDIWGKYW/",
      "status": "pago",
      "valor": 100.0,
      "valorDesconto": 0.0,
      "valorCorrigido": 100.0,
      "valorPago": 102.0,
      "valorPagoParcial": 0,
      "codigoBarras": "99997971200000100000000060000005286900000000",
      "linhaDigitavel": "36490.00043 00041.201104 00000.193672 8 00000000010000",
      "codigoPix": "",
      "dataEmissao": "2024-03-12",
      "dataVencimento": "2024-05-10",
      "dataPagamento": "2024-05-11",
      "dataCancelamento": "",
      "demonstrativo": "",
      "acordoPagamento": {
        "acordados": [],
        "cobrados": []
      }
    },
    {
      "id": 17039,
      "clienteNome": "SUANE DA CONCEICAO SILVA",
      "clienteCpfcnpj": "04439355218",
      "clienteContrato": 2547,
      "portador": "GERENCIANET 412011-6 - Importados",
      "numeroDocumento": 52868,
      "nossoNumero": "",
      "link": "https://asnet.sgplocal.com.br/boleto/52868-SRTW1NA8ZJ/",
      "link_cobranca": "https://asnet.sgplocal.com.br/public/cobranca/52868-SRTW1NA8ZJ/",
      "status": "pago",
      "valor": 100.0,
      "valorDesconto": 0.0,
      "valorCorrigido": 100.0,
      "valorPago": 100.0,
      "valorPagoParcial": 0,
      "codigoBarras": "99997968200000100000000060000005286800000000",
      "linhaDigitavel": "36490.00035 00041.201104 00000.194092 2 00000000010000",
      "codigoPix": "",
      "dataEmissao": "2024-03-12",
      "dataVencimento": "2024-04-10",
      "dataPagamento": "2024-04-10",
      "dataCancelamento": "",
      "demonstrativo": "",
      "acordoPagamento": {
        "acordados": [],
        "cobrados": []
      }
    }
  ]
}

Resultado por Contrato (usando CPF):
{
  "paginacao": {
    "offset": 0,
    "limit": 250,
    "parcial": 0,
    "total": 0
  },
  "titulos": []
}